// Jest Snapshot v1, https://goo.gl/fbAQLP

exports[`Button Component expects color to be the expected theme colors 1`] = `"<v-btn-stub color=\\"primary\\" tag=\\"button\\" activeclass=\\"\\" depressed=\\"true\\" type=\\"button\\"></v-btn-stub>"`;
